/home/z50063656/envs/Pass/lib/python3.11/site-packages/torch_npu/dynamo/__init__.py:153: UserWarning: Register eager implementation for the 'npu' backend of dynamo, as torch_npu was not compiled with torchair.
  warnings.warn(
[W914 23:26:14.665944850 NPUCachingAllocator.cpp:168] Warning: The current CANN and Soc versions require processing for 32 padding size, with memory allocation. (function operator())
/home/z50063656/Pass/src/pytorch/torch/_dynamo/pgo.py:605: UserWarning: dynamo_pgo force disabled by torch.compiler.config.force_disable_caches
  warn_once(
Traceback (most recent call last):
  File "/home/z50063656/Pass/Subgraph-Fusion-Pass-Optimization/runners/t102_t107_attention_performance_worker.py", line 433, in <module>
    main()
  File "/home/z50063656/Pass/Subgraph-Fusion-Pass-Optimization/runners/t102_t107_attention_performance_worker.py", line 322, in main
    actual = compiled(*inputs)
             ^^^^^^^^^^^^^^^^^
  File "/home/z50063656/Pass/src/pytorch/torch/_dynamo/eval_frame.py", line 1278, in compile_wrapper
    raise e.remove_dynamo_frames() from None  # see TORCHDYNAMO_VERBOSE=1
    ^^^^^^^^^^^^^^^^^^^^^^^^^^^^^^^^^^^^^^^^
  File "/home/z50063656/Pass/src/pytorch/torch/_dynamo/output_graph.py", line 3260, in _call_user_compiler
    raise BackendCompilerFailed(
  File "/home/z50063656/Pass/src/pytorch/torch/_dynamo/output_graph.py", line 3232, in _call_user_compiler
    compiled_fn = compiler_fn(gm, example_inputs)
                  ^^^^^^^^^^^^^^^^^^^^^^^^^^^^^^^
  File "/home/z50063656/Pass/src/pytorch/torch/_dynamo/repro/after_dynamo.py", line 163, in __call__
    compiled_gm = compiler_fn(gm, example_inputs)
                  ^^^^^^^^^^^^^^^^^^^^^^^^^^^^^^^
  File "/home/z50063656/envs/Pass/lib/python3.11/site-packages/torch_npu/utils/_dynamo.py", line 285, in new_call
    return src_call(self, model_, inputs_)
           ^^^^^^^^^^^^^^^^^^^^^^^^^^^^^^^
  File "/home/z50063656/Pass/src/pytorch/torch/__init__.py", line 2905, in __call__
    return compile_fx(
           ^^^^^^^^^^^
  File "/home/z50063656/Pass/src/pytorch/torch/_inductor/compile_fx.py", line 2939, in compile_fx
    return compile_fx(
           ^^^^^^^^^^^
  File "/home/z50063656/Pass/src/pytorch/torch/_inductor/compile_fx.py", line 3020, in compile_fx
    return _maybe_wrap_and_compile_fx_main(
           ^^^^^^^^^^^^^^^^^^^^^^^^^^^^^^^^
  File "/home/z50063656/Pass/src/pytorch/torch/_inductor/compile_fx.py", line 3104, in _maybe_wrap_and_compile_fx_main
    return _compile_fx_main(
           ^^^^^^^^^^^^^^^^^
  File "/home/z50063656/Pass/src/pytorch/torch/_inductor/compile_fx.py", line 3309, in _compile_fx_main
    return dynamo_common.aot_autograd(
           ^^^^^^^^^^^^^^^^^^^^^^^^^^^
  File "/home/z50063656/Pass/src/pytorch/torch/_dynamo/backends/common.py", line 150, in __call__
    cg = aot_module_simplified(
         ^^^^^^^^^^^^^^^^^^^^^^
  File "/home/z50063656/Pass/src/pytorch/torch/_functorch/aot_autograd.py", line 1250, in aot_module_simplified
    compiled_fn, _ = aot_stage2_compile(
                     ^^^^^^^^^^^^^^^^^^^
  File "/home/z50063656/Pass/src/pytorch/torch/_functorch/_aot_autograd/graph_compile.py", line 365, in aot_stage2_compile
    return aot_stage2_inference(
           ^^^^^^^^^^^^^^^^^^^^^
  File "/home/z50063656/Pass/src/pytorch/torch/_functorch/_aot_autograd/graph_compile.py", line 489, in aot_stage2_inference
    compiled_fw = _aot_stage2b_inference_compile(
                  ^^^^^^^^^^^^^^^^^^^^^^^^^^^^^^^
  File "/home/z50063656/Pass/src/pytorch/torch/_functorch/_aot_autograd/graph_compile.py", line 416, in _aot_stage2b_inference_compile
    return _aot_stage2b_compile_forward_or_inference(
           ^^^^^^^^^^^^^^^^^^^^^^^^^^^^^^^^^^^^^^^^^^
  File "/home/z50063656/Pass/src/pytorch/torch/_functorch/_aot_autograd/graph_compile.py", line 2843, in _aot_stage2b_compile_forward_or_inference
    compiled_fw_func = compiler(fw_module, adjusted_flat_args)
                       ^^^^^^^^^^^^^^^^^^^^^^^^^^^^^^^^^^^^^^^
  File "/home/z50063656/Pass/src/pytorch/torch/_functorch/_aot_autograd/schemas.py", line 1504, in __call__
    output_code = self.compiler_fn(gm, example_inputs)
                  ^^^^^^^^^^^^^^^^^^^^^^^^^^^^^^^^^^^^
  File "/home/z50063656/Pass/src/pytorch/torch/_inductor/compile_fx.py", line 3166, in fw_compiler_base
    return compile_fx_forward(
           ^^^^^^^^^^^^^^^^^^^
  File "/home/z50063656/Pass/src/pytorch/torch/_inductor/compile_fx.py", line 2674, in compile_fx_forward
    gm = _recursive_joint_graph_passes(gm, input_device=next(iter(inputs_devices)))
         ^^^^^^^^^^^^^^^^^^^^^^^^^^^^^^^^^^^^^^^^^^^^^^^^^^^^^^^^^^^^^^^^^^^^^^^^^^
  File "/home/z50063656/Pass/src/pytorch/torch/_inductor/compile_fx.py", line 622, in _recursive_joint_graph_passes
    out_gm = joint_graph_passes(gm, input_device)
             ^^^^^^^^^^^^^^^^^^^^^^^^^^^^^^^^^^^^
  File "/home/z50063656/Pass/src/pytorch/torch/_inductor/fx_passes/joint_graph.py", line 752, in joint_graph_passes
    ).apply_graph_pass(patterns.apply)
      ^^^^^^^^^^^^^^^^^^^^^^^^^^^^^^^^
  File "/home/z50063656/Pass/src/pytorch/torch/fx/passes/graph_transform_observer.py", line 103, in apply_graph_pass
    return pass_fn(self.gm.graph)
           ^^^^^^^^^^^^^^^^^^^^^^
  File "/home/z50063656/Pass/src/pytorch/torch/_inductor/pattern_matcher.py", line 2685, in apply
    if is_match(m) and guard_or_false(entry.extra_check(m)):
                                      ^^^^^^^^^^^^^^^^^^^^
  File "/home/z50063656/Pass/src/pytorch/torch/_inductor/pattern_matcher.py", line 2021, in check_fn
    match.replacement_graph = trace_fn(
                              ^^^^^^^^^
  File "/home/z50063656/Pass/src/pytorch/torch/utils/_contextlib.py", line 124, in decorate_context
    return func(*args, **kwargs)
           ^^^^^^^^^^^^^^^^^^^^^
  File "/home/z50063656/Pass/src/pytorch/torch/_inductor/pattern_matcher.py", line 2883, in fwd_only
    gm = make_fx(fn, get_decomp_fn(), tracing_mode="real")(*args)
         ^^^^^^^^^^^^^^^^^^^^^^^^^^^^^^^^^^^^^^^^^^^^^^^^^^^^^^^^
  File "/home/z50063656/Pass/src/pytorch/torch/fx/experimental/proxy_tensor.py", line 3422, in wrapped
    return make_fx_tracer.trace(f, *args)
           ^^^^^^^^^^^^^^^^^^^^^^^^^^^^^^
  File "/home/z50063656/Pass/src/pytorch/torch/fx/experimental/proxy_tensor.py", line 3298, in trace
    return self._trace_inner(f, *args)
           ^^^^^^^^^^^^^^^^^^^^^^^^^^^
  File "/home/z50063656/Pass/src/pytorch/torch/fx/experimental/proxy_tensor.py", line 3248, in _trace_inner
    t = dispatch_trace(
        ^^^^^^^^^^^^^^^
  File "/home/z50063656/Pass/src/pytorch/torch/_compile.py", line 54, in inner
    return disable_fn(*args, **kwargs)
           ^^^^^^^^^^^^^^^^^^^^^^^^^^^
  File "/home/z50063656/Pass/src/pytorch/torch/_dynamo/eval_frame.py", line 1548, in _fn
    return fn(*args, **kwargs)
           ^^^^^^^^^^^^^^^^^^^
  File "/home/z50063656/Pass/src/pytorch/torch/fx/experimental/proxy_tensor.py", line 1863, in dispatch_trace
    graph = tracer.trace(root, concrete_args)  # type: ignore[arg-type]
            ^^^^^^^^^^^^^^^^^^^^^^^^^^^^^^^^^
  File "/home/z50063656/Pass/src/pytorch/torch/_dynamo/eval_frame.py", line 1548, in _fn
    return fn(*args, **kwargs)
           ^^^^^^^^^^^^^^^^^^^
  File "/home/z50063656/Pass/src/pytorch/torch/fx/_symbolic_trace.py", line 932, in trace
    (self.create_arg(fn(*args)),),
                     ^^^^^^^^^
  File "/home/z50063656/Pass/src/pytorch/torch/fx/experimental/proxy_tensor.py", line 1952, in wrapped
    out = f(*tensors)  # type:ignore[call-arg]
          ^^^^^^^^^^^
  File "<string>", line 1, in <lambda>
  File "/home/z50063656/Pass/src/pytorch/torch/_inductor/fx_passes/fuse_attention.py", line 1041, in wrapper
    return partial_func(*args, **kwargs)
           ^^^^^^^^^^^^^^^^^^^^^^^^^^^^^
  File "/home/z50063656/Pass/src/pytorch/torch/_inductor/fx_passes/fuse_attention.py", line 577, in _sfdp_replacement_19
    return _scaled_dot_product_attention(
           ^^^^^^^^^^^^^^^^^^^^^^^^^^^^^^
  File "/home/z50063656/Pass/src/pytorch/torch/_ops.py", line 1350, in __call__
    return self._op(*args, **kwargs)
           ^^^^^^^^^^^^^^^^^^^^^^^^^
  File "/home/z50063656/Pass/src/pytorch/torch/fx/experimental/proxy_tensor.py", line 2014, in __torch_function__
    return func(*args, **kwargs)
           ^^^^^^^^^^^^^^^^^^^^^
  File "/home/z50063656/Pass/src/pytorch/torch/_ops.py", line 1350, in __call__
    return self._op(*args, **kwargs)
           ^^^^^^^^^^^^^^^^^^^^^^^^^
torch._dynamo.exc.BackendCompilerFailed: backend='inductor' raised:
RuntimeError: Expected attn_mask dtype to be bool or to match query dtype, but got attn_mask.dtype: float and  query.dtype: c10::Half instead.
[ERROR] 2026-09-14-23:26:15 (PID:405197, Device:0, RankID:-1) ERR01007 OPS feature not supported

Set TORCHDYNAMO_VERBOSE=1 for the internal stack trace (please do this especially if you're reporting a bug to PyTorch). For even more developer context, set TORCH_LOGS="+dynamo"

