/home/z50063656/envs/Pass/lib/python3.11/site-packages/torch_npu/dynamo/__init__.py:153: UserWarning: Register eager implementation for the 'npu' backend of dynamo, as torch_npu was not compiled with torchair.
  warnings.warn(
test_sdpa_rewriter_28_gpu (attention_community_npu.main.<locals>.NpuCase.test_sdpa_rewriter_28_gpu)
partial(func, *args, **keywords) - new function with partial application ... [W914 22:46:10.255613430 NPUCachingAllocator.cpp:168] Warning: The current CANN and Soc versions require processing for 32 padding size, with memory allocation. (function operator())
/home/z50063656/Pass/src/pytorch/torch/_dynamo/pgo.py:605: UserWarning: dynamo_pgo force disabled by torch.compiler.config.force_disable_caches
  warn_once(
W0914 22:46:53.596000 4006115 /home/z50063656/Pass/src/pytorch/torch/_inductor/debug.py:587] [0/0] model__0_inference_0 debug trace: /home/z50063656/tmp/t107-native-ga53cm9c/adapter/debug/torch_compile_debug/run_2026_09_14_22_46_10_978556-pid_4006115/torchinductor/model__0_inference_0.0
/home/z50063656/Pass/src/pytorch/torch/_dynamo/pgo.py:605: UserWarning: dynamo_pgo force disabled by torch.compiler.config.force_disable_caches
  warn_once(
W0914 22:46:54.479000 4006115 /home/z50063656/Pass/src/pytorch/torch/_inductor/utils.py:1806] [0/0] Not enough SMs to use max_autotune_gemm mode
W0914 22:47:38.020000 4006115 /home/z50063656/Pass/src/pytorch/torch/_inductor/debug.py:587] [0/0] model__1_forward_2 debug trace: /home/z50063656/tmp/t107-native-ga53cm9c/adapter/debug/torch_compile_debug/run_2026_09_14_22_46_10_978556-pid_4006115/torchinductor/model__1_forward_2.1
FAIL

======================================================================
FAIL: test_sdpa_rewriter_28_gpu (attention_community_npu.main.<locals>.NpuCase.test_sdpa_rewriter_28_gpu)
partial(func, *args, **keywords) - new function with partial application
----------------------------------------------------------------------
Traceback (most recent call last):
  File "/home/z50063656/Pass/src/pytorch/torch/testing/_internal/common_utils.py", line 3829, in wrapper
    method(*args, **kwargs)
  File "/home/z50063656/Pass/src/pytorch/test/inductor/test_fused_attention.py", line 1760, in _test_sdpa_rewriter_28
    self._check_common(
  File "/home/z50063656/Pass/src/pytorch/test/inductor/test_fused_attention.py", line 121, in _check_common
    self.assertGreaterEqual(counters["inductor"]["fuse_attention"], 1)
AssertionError: 0 not greater than or equal to 1

To execute this test, run the following from the base repo dir:
    python attention_community_npu.py NpuCase.test_sdpa_rewriter_28_gpu

This message can be suppressed by setting PYTORCH_PRINT_REPRO_ON_FAILURE=0

----------------------------------------------------------------------
Ran 1 test in 87.681s

FAILED (failures=1)
