/home/z50063656/envs/Pass/lib/python3.11/site-packages/torch_npu/dynamo/__init__.py:153: UserWarning: Register eager implementation for the 'npu' backend of dynamo, as torch_npu was not compiled with torchair.
  warnings.warn(
test_sdpa_rewriter_2_gpu (attention_community_npu.main.<locals>.NpuCase.test_sdpa_rewriter_2_gpu) ... [W915 18:36:44.159673560 NPUCachingAllocator.cpp:168] Warning: The current CANN and Soc versions require processing for 32 padding size, with memory allocation. (function operator())
/home/z50063656/Pass/src/pytorch/torch/_dynamo/pgo.py:605: UserWarning: dynamo_pgo force disabled by torch.compiler.config.force_disable_caches
  warn_once(
W0915 18:36:59.493000 681613 /home/z50063656/Pass/src/pytorch/torch/_inductor/debug.py:587] [0/0] model___6 debug trace: /home/z50063656/tmp/t102-native-n3vlozzs/adapter/debug/torch_compile_debug/run_2026_09_15_18_36_44_852913-pid_681613/torchinductor/model___6.0
/home/z50063656/Pass/src/pytorch/torch/_dynamo/pgo.py:605: UserWarning: dynamo_pgo force disabled by torch.compiler.config.force_disable_caches
  warn_once(
W0915 18:37:00.277000 681613 /home/z50063656/Pass/src/pytorch/torch/_inductor/debug.py:587] [0/0] model__3_forward_11 debug trace: /home/z50063656/tmp/t102-native-n3vlozzs/adapter/debug/torch_compile_debug/run_2026_09_15_18_36_44_852913-pid_681613/torchinductor/model__3_forward_11.1
W0915 18:37:00.432000 681613 /home/z50063656/Pass/src/pytorch/torch/_inductor/debug.py:587] [0/0] model__3_backward_13 debug trace: /home/z50063656/tmp/t102-native-n3vlozzs/adapter/debug/torch_compile_debug/run_2026_09_15_18_36_44_852913-pid_681613/torchinductor/model__3_backward_13.2
/home/z50063656/Pass/src/pytorch/torch/utils/checkpoint.py:242: UserWarning: None of the inputs have requires_grad=True. Gradients will be None
  check_backward_validity(args)
/home/z50063656/Pass/src/pytorch/torch/_dynamo/pgo.py:605: UserWarning: dynamo_pgo force disabled by torch.compiler.config.force_disable_caches
  warn_once(
W0915 18:37:00.719000 681613 /home/z50063656/Pass/src/pytorch/torch/_inductor/debug.py:587] [0/0] model__5_inference_14 debug trace: /home/z50063656/tmp/t102-native-n3vlozzs/adapter/debug/torch_compile_debug/run_2026_09_15_18_36_44_852913-pid_681613/torchinductor/model__5_inference_14.3
/home/z50063656/Pass/src/pytorch/torch/_dynamo/pgo.py:605: UserWarning: dynamo_pgo force disabled by torch.compiler.config.force_disable_caches
  warn_once(
W0915 18:37:01.163000 681613 /home/z50063656/Pass/src/pytorch/torch/_inductor/debug.py:587] [0/0] model__6_forward_19 debug trace: /home/z50063656/tmp/t102-native-n3vlozzs/adapter/debug/torch_compile_debug/run_2026_09_15_18_36_44_852913-pid_681613/torchinductor/model__6_forward_19.4
W0915 18:37:01.316000 681613 /home/z50063656/Pass/src/pytorch/torch/_inductor/debug.py:587] [0/0] model__6_backward_21 debug trace: /home/z50063656/tmp/t102-native-n3vlozzs/adapter/debug/torch_compile_debug/run_2026_09_15_18_36_44_852913-pid_681613/torchinductor/model__6_backward_21.5
ok

----------------------------------------------------------------------
Ran 1 test in 16.685s

OK
