{"seed": 20260914, "kernel": "triton_unk_fused_matmul_mul_permute_0", "shape": [4, 16, 2, 32], "dtype": "torch.float32", "finite": true, "mismatch": 0, "numel": 4096, "max_abs_error": 0.0}
{"seed": 20260914, "kernel": "triton_unk_fused_matmul_mul_transpose_1", "shape": [4, 16, 32, 2], "dtype": "torch.float32", "finite": true, "mismatch": 0, "numel": 4096, "max_abs_error": 0.0}
{"seed": 20260914, "kernel": "triton_unk_fused__safe_softmax_add_matmul_2", "shape": [4, 16, 2, 2], "dtype": "torch.bool", "finite": true, "mismatch": 0, "numel": 256, "max_abs_error": 0.0}
{"seed": 20260914, "kernel": "triton_unk_fused__safe_softmax_add_matmul_3", "shape": [4, 16, 2, 2], "dtype": "torch.float32", "finite": true, "mismatch": 0, "numel": 256, "max_abs_error": 0.0}
{"seed": 20260914, "kernel": "triton_unk_fused__safe_softmax_add_matmul_4", "shape": [4, 16, 2, 2], "dtype": "torch.float32", "finite": true, "mismatch": 0, "numel": 256, "max_abs_error": 0.0}
{"seed": 20260914, "kernel": "triton_unk_fused__safe_softmax_add_matmul_5", "shape": [4, 16, 2, 2], "dtype": "torch.bool", "finite": true, "mismatch": 0, "numel": 256, "max_abs_error": 0.0}
{"seed": 20260914, "kernel": "triton_unk_fused__safe_softmax_add_matmul_6", "shape": [4, 16, 2, 2], "dtype": "torch.float32", "finite": true, "mismatch": 0, "numel": 256, "max_abs_error": 0.0}
{"seed": 20260914, "kernel": "triton_unk_fused_matmul_transpose_7", "shape": [4, 16, 2, 32], "dtype": "torch.float32", "finite": true, "mismatch": 0, "numel": 4096, "max_abs_error": 0.0}
{"seed": 20260915, "kernel": "triton_unk_fused_matmul_mul_permute_0", "shape": [4, 16, 2, 32], "dtype": "torch.float32", "finite": true, "mismatch": 0, "numel": 4096, "max_abs_error": 0.0}
{"seed": 20260915, "kernel": "triton_unk_fused_matmul_mul_transpose_1", "shape": [4, 16, 32, 2], "dtype": "torch.float32", "finite": true, "mismatch": 0, "numel": 4096, "max_abs_error": 0.0}
{"seed": 20260915, "kernel": "triton_unk_fused__safe_softmax_add_matmul_2", "shape": [4, 16, 2, 2], "dtype": "torch.bool", "finite": true, "mismatch": 0, "numel": 256, "max_abs_error": 0.0}
{"seed": 20260915, "kernel": "triton_unk_fused__safe_softmax_add_matmul_3", "shape": [4, 16, 2, 2], "dtype": "torch.float32", "finite": true, "mismatch": 0, "numel": 256, "max_abs_error": 0.0}
{"seed": 20260915, "kernel": "triton_unk_fused__safe_softmax_add_matmul_4", "shape": [4, 16, 2, 2], "dtype": "torch.float32", "finite": true, "mismatch": 0, "numel": 256, "max_abs_error": 0.0}
{"seed": 20260915, "kernel": "triton_unk_fused__safe_softmax_add_matmul_5", "shape": [4, 16, 2, 2], "dtype": "torch.bool", "finite": true, "mismatch": 0, "numel": 256, "max_abs_error": 0.0}
{"seed": 20260915, "kernel": "triton_unk_fused__safe_softmax_add_matmul_6", "shape": [4, 16, 2, 2], "dtype": "torch.float32", "finite": true, "mismatch": 0, "numel": 256, "max_abs_error": 0.0}
{"seed": 20260915, "kernel": "triton_unk_fused_matmul_transpose_7", "shape": [4, 16, 2, 32], "dtype": "torch.float32", "finite": true, "mismatch": 0, "numel": 4096, "max_abs_error": 0.0}
{"seed": 20260916, "kernel": "triton_unk_fused_matmul_mul_permute_0", "shape": [4, 16, 2, 32], "dtype": "torch.float32", "finite": true, "mismatch": 0, "numel": 4096, "max_abs_error": 0.0}
{"seed": 20260916, "kernel": "triton_unk_fused_matmul_mul_transpose_1", "shape": [4, 16, 32, 2], "dtype": "torch.float32", "finite": true, "mismatch": 0, "numel": 4096, "max_abs_error": 0.0}
{"seed": 20260916, "kernel": "triton_unk_fused__safe_softmax_add_matmul_2", "shape": [4, 16, 2, 2], "dtype": "torch.bool", "finite": true, "mismatch": 0, "numel": 256, "max_abs_error": 0.0}
{"seed": 20260916, "kernel": "triton_unk_fused__safe_softmax_add_matmul_3", "shape": [4, 16, 2, 2], "dtype": "torch.float32", "finite": true, "mismatch": 0, "numel": 256, "max_abs_error": 0.0}
{"seed": 20260916, "kernel": "triton_unk_fused__safe_softmax_add_matmul_4", "shape": [4, 16, 2, 2], "dtype": "torch.float32", "finite": true, "mismatch": 0, "numel": 256, "max_abs_error": 0.0}
{"seed": 20260916, "kernel": "triton_unk_fused__safe_softmax_add_matmul_5", "shape": [4, 16, 2, 2], "dtype": "torch.bool", "finite": true, "mismatch": 0, "numel": 256, "max_abs_error": 0.0}
{"seed": 20260916, "kernel": "triton_unk_fused__safe_softmax_add_matmul_6", "shape": [4, 16, 2, 2], "dtype": "torch.float32", "finite": true, "mismatch": 0, "numel": 256, "max_abs_error": 0.0}
{"seed": 20260916, "kernel": "triton_unk_fused_matmul_transpose_7", "shape": [4, 16, 2, 32], "dtype": "torch.float32", "finite": true, "mismatch": 0, "numel": 4096, "max_abs_error": 0.0}
{"summaries": [{"seed": 20260914, "output": {"shape": [4, 16, 2, 32], "dtype": "torch.float32", "finite": true, "mismatch": 0, "numel": 4096, "max_abs_error": 0.0}, "key": {"shape": [4, 16, 2, 32], "dtype": "torch.float32", "finite": true, "mismatch": 0, "numel": 4096, "max_abs_error": 0.0}, "value": {"shape": [4, 16, 2, 32], "dtype": "torch.float32", "finite": true, "mismatch": 0, "numel": 4096, "max_abs_error": 0.0}}, {"seed": 20260915, "output": {"shape": [4, 16, 2, 32], "dtype": "torch.float32", "finite": true, "mismatch": 0, "numel": 4096, "max_abs_error": 0.0}, "key": {"shape": [4, 16, 2, 32], "dtype": "torch.float32", "finite": true, "mismatch": 0, "numel": 4096, "max_abs_error": 0.0}, "value": {"shape": [4, 16, 2, 32], "dtype": "torch.float32", "finite": true, "mismatch": 0, "numel": 4096, "max_abs_error": 0.0}}, {"seed": 20260916, "output": {"shape": [4, 16, 2, 32], "dtype": "torch.float32", "finite": true, "mismatch": 0, "numel": 4096, "max_abs_error": 0.0}, "key": {"shape": [4, 16, 2, 32], "dtype": "torch.float32", "finite": true, "mismatch": 0, "numel": 4096, "max_abs_error": 0.0}, "value": {"shape": [4, 16, 2, 32], "dtype": "torch.float32", "finite": true, "mismatch": 0, "numel": 4096, "max_abs_error": 0.0}}]}
