/home/z50063656/envs/Pass/lib/python3.11/site-packages/torch_npu/dynamo/__init__.py:153: UserWarning: Register eager implementation for the 'npu' backend of dynamo, as torch_npu was not compiled with torchair.
  warnings.warn(
test_sdpa_rewriter_3_gpu (attention_community_npu.main.<locals>.NpuCase.test_sdpa_rewriter_3_gpu) ... [W915 19:13:42.124635930 NPUCachingAllocator.cpp:168] Warning: The current CANN and Soc versions require processing for 32 padding size, with memory allocation. (function operator())
/home/z50063656/Pass/src/pytorch/torch/_dynamo/pgo.py:605: UserWarning: dynamo_pgo force disabled by torch.compiler.config.force_disable_caches
  warn_once(
W0915 19:13:59.271000 1249752 /home/z50063656/Pass/src/pytorch/torch/_inductor/debug.py:587] [0/0] model___30 debug trace: /home/z50063656/tmp/t102-native-5rrs8ipf/adapter/debug/torch_compile_debug/run_2026_09_15_19_13_42_815937-pid_1249752/torchinductor/model___30.0
/home/z50063656/Pass/src/pytorch/torch/_dynamo/pgo.py:605: UserWarning: dynamo_pgo force disabled by torch.compiler.config.force_disable_caches
  warn_once(
W0915 19:13:59.772000 1249752 /home/z50063656/Pass/src/pytorch/torch/_inductor/debug.py:587] [0/0] model__11_forward_35 debug trace: /home/z50063656/tmp/t102-native-5rrs8ipf/adapter/debug/torch_compile_debug/run_2026_09_15_19_13_42_815937-pid_1249752/torchinductor/model__11_forward_35.1
W0915 19:13:59.929000 1249752 /home/z50063656/Pass/src/pytorch/torch/_inductor/debug.py:587] [0/0] model__11_backward_37 debug trace: /home/z50063656/tmp/t102-native-5rrs8ipf/adapter/debug/torch_compile_debug/run_2026_09_15_19_13_42_815937-pid_1249752/torchinductor/model__11_backward_37.2
/home/z50063656/Pass/src/pytorch/torch/utils/checkpoint.py:242: UserWarning: None of the inputs have requires_grad=True. Gradients will be None
  check_backward_validity(args)
/home/z50063656/Pass/src/pytorch/torch/_dynamo/pgo.py:605: UserWarning: dynamo_pgo force disabled by torch.compiler.config.force_disable_caches
  warn_once(
W0915 19:14:00.245000 1249752 /home/z50063656/Pass/src/pytorch/torch/_inductor/debug.py:587] [0/0] model__13_inference_38 debug trace: /home/z50063656/tmp/t102-native-5rrs8ipf/adapter/debug/torch_compile_debug/run_2026_09_15_19_13_42_815937-pid_1249752/torchinductor/model__13_inference_38.3
/home/z50063656/Pass/src/pytorch/torch/_dynamo/pgo.py:605: UserWarning: dynamo_pgo force disabled by torch.compiler.config.force_disable_caches
  warn_once(
W0915 19:14:00.715000 1249752 /home/z50063656/Pass/src/pytorch/torch/_inductor/debug.py:587] [0/0] model__14_forward_43 debug trace: /home/z50063656/tmp/t102-native-5rrs8ipf/adapter/debug/torch_compile_debug/run_2026_09_15_19_13_42_815937-pid_1249752/torchinductor/model__14_forward_43.4
W0915 19:14:00.869000 1249752 /home/z50063656/Pass/src/pytorch/torch/_inductor/debug.py:587] [0/0] model__14_backward_45 debug trace: /home/z50063656/tmp/t102-native-5rrs8ipf/adapter/debug/torch_compile_debug/run_2026_09_15_19_13_42_815937-pid_1249752/torchinductor/model__14_backward_45.5
ok

----------------------------------------------------------------------
Ran 1 test in 18.271s

OK
