/home/z50063656/envs/Pass/lib/python3.11/site-packages/torch_npu/dynamo/__init__.py:153: UserWarning: Register eager implementation for the 'npu' backend of dynamo, as torch_npu was not compiled with torchair.
  warnings.warn(
[W915 10:26:55.441069200 NPUCachingAllocator.cpp:168] Warning: The current CANN and Soc versions require processing for 32 padding size, with memory allocation. (function operator())
/home/z50063656/Pass/src/pytorch/torch/_dynamo/pgo.py:605: UserWarning: dynamo_pgo force disabled by torch.compiler.config.force_disable_caches
  warn_once(
W0915 10:27:29.864000 1142137 /home/z50063656/Pass/src/pytorch/torch/_inductor/debug.py:587] [0/0] model__0_inference_0 debug trace: /home/z50063656/tmp/attention-slice-boundary-6uy2plji/baseline/debug/torch_compile_debug/run_2026_09_15_10_26_56_087429-pid_1142137/torchinductor/model__0_inference_0.0
/home/z50063656/Pass/src/pytorch/torch/_dynamo/pgo.py:605: UserWarning: dynamo_pgo force disabled by torch.compiler.config.force_disable_caches
  warn_once(
W0915 10:27:49.539000 1142137 /home/z50063656/Pass/src/pytorch/torch/_inductor/debug.py:587] [0/0] model__1_inference_1 debug trace: /home/z50063656/tmp/attention-slice-boundary-6uy2plji/baseline/debug/torch_compile_debug/run_2026_09_15_10_26_56_087429-pid_1142137/torchinductor/model__1_inference_1.1
/home/z50063656/Pass/src/pytorch/torch/_dynamo/pgo.py:605: UserWarning: dynamo_pgo force disabled by torch.compiler.config.force_disable_caches
  warn_once(
W0915 10:28:08.250000 1142137 /home/z50063656/Pass/src/pytorch/torch/_inductor/debug.py:587] [0/0] model__2_inference_2 debug trace: /home/z50063656/tmp/attention-slice-boundary-6uy2plji/baseline/debug/torch_compile_debug/run_2026_09_15_10_26_56_087429-pid_1142137/torchinductor/model__2_inference_2.2
/home/z50063656/Pass/src/pytorch/torch/_dynamo/pgo.py:605: UserWarning: dynamo_pgo force disabled by torch.compiler.config.force_disable_caches
  warn_once(
W0915 10:28:27.227000 1142137 /home/z50063656/Pass/src/pytorch/torch/_inductor/debug.py:587] [0/0] model__3_inference_3 debug trace: /home/z50063656/tmp/attention-slice-boundary-6uy2plji/baseline/debug/torch_compile_debug/run_2026_09_15_10_26_56_087429-pid_1142137/torchinductor/model__3_inference_3.3
/home/z50063656/Pass/src/pytorch/torch/_dynamo/pgo.py:605: UserWarning: dynamo_pgo force disabled by torch.compiler.config.force_disable_caches
  warn_once(
W0915 10:28:45.812000 1142137 /home/z50063656/Pass/src/pytorch/torch/_inductor/debug.py:587] [0/0] model__4_inference_4 debug trace: /home/z50063656/tmp/attention-slice-boundary-6uy2plji/baseline/debug/torch_compile_debug/run_2026_09_15_10_26_56_087429-pid_1142137/torchinductor/model__4_inference_4.4
/home/z50063656/Pass/src/pytorch/torch/_dynamo/pgo.py:605: UserWarning: dynamo_pgo force disabled by torch.compiler.config.force_disable_caches
  warn_once(
W0915 10:29:03.970000 1142137 /home/z50063656/Pass/src/pytorch/torch/_inductor/debug.py:587] [0/0] model__5_inference_5 debug trace: /home/z50063656/tmp/attention-slice-boundary-6uy2plji/baseline/debug/torch_compile_debug/run_2026_09_15_10_26_56_087429-pid_1142137/torchinductor/model__5_inference_5.5
/home/z50063656/Pass/src/pytorch/torch/_dynamo/pgo.py:605: UserWarning: dynamo_pgo force disabled by torch.compiler.config.force_disable_caches
  warn_once(
W0915 10:29:22.739000 1142137 /home/z50063656/Pass/src/pytorch/torch/_inductor/debug.py:587] [0/0] model__6_inference_6 debug trace: /home/z50063656/tmp/attention-slice-boundary-6uy2plji/baseline/debug/torch_compile_debug/run_2026_09_15_10_26_56_087429-pid_1142137/torchinductor/model__6_inference_6.6
/home/z50063656/Pass/src/pytorch/torch/_dynamo/pgo.py:605: UserWarning: dynamo_pgo force disabled by torch.compiler.config.force_disable_caches
  warn_once(
W0915 10:29:41.870000 1142137 /home/z50063656/Pass/src/pytorch/torch/_inductor/debug.py:587] [0/0] model__7_inference_7 debug trace: /home/z50063656/tmp/attention-slice-boundary-6uy2plji/baseline/debug/torch_compile_debug/run_2026_09_15_10_26_56_087429-pid_1142137/torchinductor/model__7_inference_7.7
/home/z50063656/Pass/src/pytorch/torch/_dynamo/pgo.py:605: UserWarning: dynamo_pgo force disabled by torch.compiler.config.force_disable_caches
  warn_once(
W0915 10:30:00.997000 1142137 /home/z50063656/Pass/src/pytorch/torch/_inductor/debug.py:587] [0/0] model__8_inference_8 debug trace: /home/z50063656/tmp/attention-slice-boundary-6uy2plji/baseline/debug/torch_compile_debug/run_2026_09_15_10_26_56_087429-pid_1142137/torchinductor/model__8_inference_8.8
/home/z50063656/Pass/src/pytorch/torch/_dynamo/pgo.py:605: UserWarning: dynamo_pgo force disabled by torch.compiler.config.force_disable_caches
  warn_once(
W0915 10:30:19.753000 1142137 /home/z50063656/Pass/src/pytorch/torch/_inductor/debug.py:587] [0/0] model__9_inference_9 debug trace: /home/z50063656/tmp/attention-slice-boundary-6uy2plji/baseline/debug/torch_compile_debug/run_2026_09_15_10_26_56_087429-pid_1142137/torchinductor/model__9_inference_9.9
/home/z50063656/Pass/src/pytorch/torch/_dynamo/pgo.py:605: UserWarning: dynamo_pgo force disabled by torch.compiler.config.force_disable_caches
  warn_once(
W0915 10:30:38.308000 1142137 /home/z50063656/Pass/src/pytorch/torch/_inductor/debug.py:587] [0/0] model__10_inference_10 debug trace: /home/z50063656/tmp/attention-slice-boundary-6uy2plji/baseline/debug/torch_compile_debug/run_2026_09_15_10_26_56_087429-pid_1142137/torchinductor/model__10_inference_10.10
/home/z50063656/Pass/src/pytorch/torch/_dynamo/pgo.py:605: UserWarning: dynamo_pgo force disabled by torch.compiler.config.force_disable_caches
  warn_once(
W0915 10:30:57.121000 1142137 /home/z50063656/Pass/src/pytorch/torch/_inductor/debug.py:587] [0/0] model__11_inference_11 debug trace: /home/z50063656/tmp/attention-slice-boundary-6uy2plji/baseline/debug/torch_compile_debug/run_2026_09_15_10_26_56_087429-pid_1142137/torchinductor/model__11_inference_11.11
/home/z50063656/Pass/src/pytorch/torch/_dynamo/pgo.py:605: UserWarning: dynamo_pgo force disabled by torch.compiler.config.force_disable_caches
  warn_once(
W0915 10:31:16.170000 1142137 /home/z50063656/Pass/src/pytorch/torch/_inductor/debug.py:587] [0/0] model__12_inference_12 debug trace: /home/z50063656/tmp/attention-slice-boundary-6uy2plji/baseline/debug/torch_compile_debug/run_2026_09_15_10_26_56_087429-pid_1142137/torchinductor/model__12_inference_12.12
/home/z50063656/Pass/src/pytorch/torch/_dynamo/pgo.py:605: UserWarning: dynamo_pgo force disabled by torch.compiler.config.force_disable_caches
  warn_once(
W0915 10:31:36.039000 1142137 /home/z50063656/Pass/src/pytorch/torch/_inductor/debug.py:587] [0/0] model__13_inference_13 debug trace: /home/z50063656/tmp/attention-slice-boundary-6uy2plji/baseline/debug/torch_compile_debug/run_2026_09_15_10_26_56_087429-pid_1142137/torchinductor/model__13_inference_13.13
/home/z50063656/Pass/src/pytorch/torch/_dynamo/pgo.py:605: UserWarning: dynamo_pgo force disabled by torch.compiler.config.force_disable_caches
  warn_once(
W0915 10:31:54.539000 1142137 /home/z50063656/Pass/src/pytorch/torch/_inductor/debug.py:587] [0/0] model__14_inference_14 debug trace: /home/z50063656/tmp/attention-slice-boundary-6uy2plji/baseline/debug/torch_compile_debug/run_2026_09_15_10_26_56_087429-pid_1142137/torchinductor/model__14_inference_14.14
/home/z50063656/Pass/src/pytorch/torch/_dynamo/pgo.py:605: UserWarning: dynamo_pgo force disabled by torch.compiler.config.force_disable_caches
  warn_once(
W0915 10:32:13.121000 1142137 /home/z50063656/Pass/src/pytorch/torch/_inductor/debug.py:587] [0/0] model__15_inference_15 debug trace: /home/z50063656/tmp/attention-slice-boundary-6uy2plji/baseline/debug/torch_compile_debug/run_2026_09_15_10_26_56_087429-pid_1142137/torchinductor/model__15_inference_15.15
/home/z50063656/Pass/src/pytorch/torch/_dynamo/pgo.py:605: UserWarning: dynamo_pgo force disabled by torch.compiler.config.force_disable_caches
  warn_once(
W0915 10:32:31.521000 1142137 /home/z50063656/Pass/src/pytorch/torch/_inductor/debug.py:587] [0/0] model__16_inference_16 debug trace: /home/z50063656/tmp/attention-slice-boundary-6uy2plji/baseline/debug/torch_compile_debug/run_2026_09_15_10_26_56_087429-pid_1142137/torchinductor/model__16_inference_16.16
/home/z50063656/Pass/src/pytorch/torch/_dynamo/pgo.py:605: UserWarning: dynamo_pgo force disabled by torch.compiler.config.force_disable_caches
  warn_once(
W0915 10:32:50.220000 1142137 /home/z50063656/Pass/src/pytorch/torch/_inductor/debug.py:587] [0/0] model__17_inference_17 debug trace: /home/z50063656/tmp/attention-slice-boundary-6uy2plji/baseline/debug/torch_compile_debug/run_2026_09_15_10_26_56_087429-pid_1142137/torchinductor/model__17_inference_17.17
/home/z50063656/Pass/src/pytorch/torch/_dynamo/pgo.py:605: UserWarning: dynamo_pgo force disabled by torch.compiler.config.force_disable_caches
  warn_once(
W0915 10:33:09.652000 1142137 /home/z50063656/Pass/src/pytorch/torch/_inductor/debug.py:587] [0/0] model__18_inference_18 debug trace: /home/z50063656/tmp/attention-slice-boundary-6uy2plji/baseline/debug/torch_compile_debug/run_2026_09_15_10_26_56_087429-pid_1142137/torchinductor/model__18_inference_18.18
/home/z50063656/Pass/src/pytorch/torch/_dynamo/pgo.py:605: UserWarning: dynamo_pgo force disabled by torch.compiler.config.force_disable_caches
  warn_once(
W0915 10:33:27.751000 1142137 /home/z50063656/Pass/src/pytorch/torch/_inductor/debug.py:587] [0/0] model__19_inference_19 debug trace: /home/z50063656/tmp/attention-slice-boundary-6uy2plji/baseline/debug/torch_compile_debug/run_2026_09_15_10_26_56_087429-pid_1142137/torchinductor/model__19_inference_19.19
/home/z50063656/Pass/src/pytorch/torch/_dynamo/pgo.py:605: UserWarning: dynamo_pgo force disabled by torch.compiler.config.force_disable_caches
  warn_once(
W0915 10:33:46.971000 1142137 /home/z50063656/Pass/src/pytorch/torch/_inductor/debug.py:587] [0/0] model__20_inference_20 debug trace: /home/z50063656/tmp/attention-slice-boundary-6uy2plji/baseline/debug/torch_compile_debug/run_2026_09_15_10_26_56_087429-pid_1142137/torchinductor/model__20_inference_20.20
/home/z50063656/Pass/src/pytorch/torch/_dynamo/pgo.py:605: UserWarning: dynamo_pgo force disabled by torch.compiler.config.force_disable_caches
  warn_once(
W0915 10:33:59.073000 1142137 /home/z50063656/Pass/src/pytorch/torch/_inductor/debug.py:587] [0/0] model__21_inference_21 debug trace: /home/z50063656/tmp/attention-slice-boundary-6uy2plji/baseline/debug/torch_compile_debug/run_2026_09_15_10_26_56_087429-pid_1142137/torchinductor/model__21_inference_21.21
