/home/z50063656/envs/Pass/lib/python3.11/site-packages/torch_npu/dynamo/__init__.py:153: UserWarning: Register eager implementation for the 'npu' backend of dynamo, as torch_npu was not compiled with torchair.
  warnings.warn(
test_sdpa_rewriter_24_gpu (attention_community_npu.main.<locals>.NpuCase.test_sdpa_rewriter_24_gpu)
partial(func, *args, **keywords) - new function with partial application ... [W914 22:44:46.653356240 NPUCachingAllocator.cpp:168] Warning: The current CANN and Soc versions require processing for 32 padding size, with memory allocation. (function operator())
/home/z50063656/Pass/src/pytorch/torch/_dynamo/pgo.py:605: UserWarning: dynamo_pgo force disabled by torch.compiler.config.force_disable_caches
  warn_once(
W0914 22:44:47.494000 3985655 /home/z50063656/Pass/src/pytorch/torch/_inductor/utils.py:1806] [0/0] Not enough SMs to use max_autotune_gemm mode
W0914 22:45:50.649000 3985655 /home/z50063656/Pass/src/pytorch/torch/_inductor/debug.py:587] [0/0] model__0_inference_0 debug trace: /home/z50063656/tmp/t106-native-kfb_8jxu/adapter/debug/torch_compile_debug/run_2026_09_14_22_44_46_345784-pid_3985655/torchinductor/model__0_inference_0.0
FAIL

======================================================================
FAIL: test_sdpa_rewriter_24_gpu (attention_community_npu.main.<locals>.NpuCase.test_sdpa_rewriter_24_gpu)
partial(func, *args, **keywords) - new function with partial application
----------------------------------------------------------------------
Traceback (most recent call last):
  File "/home/z50063656/Pass/src/pytorch/torch/testing/_internal/common_utils.py", line 3829, in wrapper
    method(*args, **kwargs)
  File "/home/z50063656/Pass/src/pytorch/test/inductor/test_fused_attention.py", line 1488, in _test_sdpa_rewriter_24
    self._check_common(
  File "/home/z50063656/Pass/src/pytorch/test/inductor/test_fused_attention.py", line 131, in _check_common
    self.assertIn(
  File "/home/z50063656/Pass/Subgraph-Fusion-Pass-Optimization/runners/attention_community_npu.py", line 123, in assertIn
    self.assertTrue(accepted, 'CUDA SDPA符号须对应实际NPU fusion-attention调用')
AssertionError: set() is not true : CUDA SDPA符号须对应实际NPU fusion-attention调用

To execute this test, run the following from the base repo dir:
    python attention_community_npu.py NpuCase.test_sdpa_rewriter_24_gpu

This message can be suppressed by setting PYTORCH_PRINT_REPRO_ON_FAILURE=0

----------------------------------------------------------------------
Ran 1 test in 64.957s

FAILED (failures=1)
