/home/z50063656/envs/Pass/lib/python3.11/site-packages/torch_npu/dynamo/__init__.py:153: UserWarning: Register eager implementation for the 'npu' backend of dynamo, as torch_npu was not compiled with torchair.
  warnings.warn(
test_sdpa_rewriter_21_gpu (attention_community_npu.main.<locals>.NpuCase.test_sdpa_rewriter_21_gpu)
partial(func, *args, **keywords) - new function with partial application ... [W914 22:39:41.062439840 NPUCachingAllocator.cpp:168] Warning: The current CANN and Soc versions require processing for 32 padding size, with memory allocation. (function operator())
/home/z50063656/Pass/src/pytorch/torch/_dynamo/pgo.py:605: UserWarning: dynamo_pgo force disabled by torch.compiler.config.force_disable_caches
  warn_once(
W0914 22:39:42.968000 3907731 /home/z50063656/Pass/src/pytorch/torch/_inductor/utils.py:1806] [0/0] Not enough SMs to use max_autotune_gemm mode
W0914 22:41:35.822000 3907731 /home/z50063656/Pass/src/pytorch/torch/_inductor/debug.py:587] [0/0] model__0_inference_0 debug trace: /home/z50063656/tmp/t106-native-fzs478oi/adapter/debug/torch_compile_debug/run_2026_09_14_22_39_41_752324-pid_3907731/torchinductor/model__0_inference_0.0
FAIL

======================================================================
FAIL: test_sdpa_rewriter_21_gpu (attention_community_npu.main.<locals>.NpuCase.test_sdpa_rewriter_21_gpu)
partial(func, *args, **keywords) - new function with partial application
----------------------------------------------------------------------
Traceback (most recent call last):
  File "/home/z50063656/Pass/src/pytorch/torch/testing/_internal/common_utils.py", line 3829, in wrapper
    method(*args, **kwargs)
  File "/home/z50063656/Pass/src/pytorch/test/inductor/test_fused_attention.py", line 1378, in _test_sdpa_rewriter_21
    self._check_common(
  File "/home/z50063656/Pass/src/pytorch/test/inductor/test_fused_attention.py", line 131, in _check_common
    self.assertIn(
  File "/home/z50063656/Pass/Subgraph-Fusion-Pass-Optimization/runners/attention_community_npu.py", line 97, in assertIn
    community.GPU_TYPE = 'npu'
            ^^^^^^^^^^^^^^^^^^^
AssertionError: set() is not true : CUDA SDPA符号须对应实际NPU fusion-attention调用

To execute this test, run the following from the base repo dir:
    python attention_community_npu.py NpuCase.test_sdpa_rewriter_21_gpu

This message can be suppressed by setting PYTORCH_PRINT_REPRO_ON_FAILURE=0

----------------------------------------------------------------------
Ran 1 test in 115.073s

FAILED (failures=1)
