/home/z50063656/envs/Pass/lib/python3.11/site-packages/torch_npu/dynamo/__init__.py:153: UserWarning: Register eager implementation for the 'npu' backend of dynamo, as torch_npu was not compiled with torchair.
  warnings.warn(
test_sdpa_rewriter_22_gpu (attention_community_npu.main.<locals>.NpuCase.test_sdpa_rewriter_22_gpu)
partial(func, *args, **keywords) - new function with partial application ... [W915 11:25:24.911006280 NPUCachingAllocator.cpp:168] Warning: The current CANN and Soc versions require processing for 32 padding size, with memory allocation. (function operator())
/home/z50063656/Pass/src/pytorch/torch/_dynamo/pgo.py:605: UserWarning: dynamo_pgo force disabled by torch.compiler.config.force_disable_caches
  warn_once(
W0915 11:25:25.870000 2779081 /home/z50063656/Pass/src/pytorch/torch/_inductor/utils.py:1806] [0/0] Not enough SMs to use max_autotune_gemm mode
W0915 11:27:35.606000 2779081 /home/z50063656/Pass/src/pytorch/torch/_inductor/debug.py:587] [0/0] model__0_inference_0 debug trace: /home/z50063656/tmp/t106-native-c4y7hlyd/adapter/debug/torch_compile_debug/run_2026_09_15_11_25_24_605621-pid_2779081/torchinductor/model__0_inference_0.0
/home/z50063656/Pass/src/pytorch/torch/_dynamo/pgo.py:605: UserWarning: dynamo_pgo force disabled by torch.compiler.config.force_disable_caches
  warn_once(
W0915 11:29:35.829000 2779081 /home/z50063656/Pass/src/pytorch/torch/_inductor/debug.py:587] [0/0] model__1_inference_1 debug trace: /home/z50063656/tmp/t106-native-c4y7hlyd/adapter/debug/torch_compile_debug/run_2026_09_15_11_25_24_605621-pid_2779081/torchinductor/model__1_inference_1.1
/home/z50063656/Pass/src/pytorch/torch/_dynamo/pgo.py:605: UserWarning: dynamo_pgo force disabled by torch.compiler.config.force_disable_caches
  warn_once(
W0915 11:31:16.876000 2779081 /home/z50063656/Pass/src/pytorch/torch/_inductor/debug.py:587] [0/0] model__2_inference_2 debug trace: /home/z50063656/tmp/t106-native-c4y7hlyd/adapter/debug/torch_compile_debug/run_2026_09_15_11_25_24_605621-pid_2779081/torchinductor/model__2_inference_2.2
/home/z50063656/Pass/src/pytorch/torch/_dynamo/pgo.py:605: UserWarning: dynamo_pgo force disabled by torch.compiler.config.force_disable_caches
  warn_once(
W0915 11:32:56.904000 2779081 /home/z50063656/Pass/src/pytorch/torch/_inductor/debug.py:587] [0/0] model__3_inference_3 debug trace: /home/z50063656/tmp/t106-native-c4y7hlyd/adapter/debug/torch_compile_debug/run_2026_09_15_11_25_24_605621-pid_2779081/torchinductor/model__3_inference_3.3
ok

----------------------------------------------------------------------
Ran 1 test in 453.171s

OK
