/home/z50063656/envs/Pass/lib/python3.11/site-packages/torch_npu/dynamo/__init__.py:153: UserWarning: Register eager implementation for the 'npu' backend of dynamo, as torch_npu was not compiled with torchair.
  warnings.warn(
[W915 19:36:19.162238630 NPUCachingAllocator.cpp:168] Warning: The current CANN and Soc versions require processing for 32 padding size, with memory allocation. (function operator())
/home/z50063656/Pass/src/pytorch/torch/_dynamo/pgo.py:605: UserWarning: dynamo_pgo force disabled by torch.compiler.config.force_disable_caches
  warn_once(
W0915 19:36:36.330000 1650288 /home/z50063656/Pass/src/pytorch/torch/_inductor/debug.py:587] [0/0] model__0_forward_34 debug trace: /home/z50063656/tmp/t102-training-boundary-installed-20260915/debug/torch_compile_debug/run_2026_09_15_19_36_20_104931-pid_1650288/torchinductor/model__0_forward_34.0
W0915 19:36:36.542000 1650288 /home/z50063656/Pass/src/pytorch/torch/_inductor/debug.py:587] [0/0] model__0_backward_36 debug trace: /home/z50063656/tmp/t102-training-boundary-installed-20260915/debug/torch_compile_debug/run_2026_09_15_19_36_20_104931-pid_1650288/torchinductor/model__0_backward_36.1
div-fp32-training PASS
/home/z50063656/Pass/src/pytorch/torch/_dynamo/pgo.py:605: UserWarning: dynamo_pgo force disabled by torch.compiler.config.force_disable_caches
  warn_once(
W0915 19:36:37.027000 1650288 /home/z50063656/Pass/src/pytorch/torch/_inductor/debug.py:587] [0/0] model__12_forward_41 debug trace: /home/z50063656/tmp/t102-training-boundary-installed-20260915/debug/torch_compile_debug/run_2026_09_15_19_36_20_104931-pid_1650288/torchinductor/model__12_forward_41.2
W0915 19:36:37.255000 1650288 /home/z50063656/Pass/src/pytorch/torch/_inductor/debug.py:587] [0/0] model__12_backward_43 debug trace: /home/z50063656/tmp/t102-training-boundary-installed-20260915/debug/torch_compile_debug/run_2026_09_15_19_36_20_104931-pid_1650288/torchinductor/model__12_backward_43.3
mul-fp16-strided-training PASS
/home/z50063656/Pass/src/pytorch/torch/_dynamo/pgo.py:605: UserWarning: dynamo_pgo force disabled by torch.compiler.config.force_disable_caches
  warn_once(
W0915 19:36:37.746000 1650288 /home/z50063656/Pass/src/pytorch/torch/_inductor/utils.py:1806] [0/0] Not enough SMs to use max_autotune_gemm mode
W0915 19:37:09.777000 1650288 /home/z50063656/Pass/src/pytorch/torch/_inductor/debug.py:587] [0/0] model__14_forward_45 debug trace: /home/z50063656/tmp/t102-training-boundary-installed-20260915/debug/torch_compile_debug/run_2026_09_15_19_36_20_104931-pid_1650288/torchinductor/model__14_forward_45.4
W0915 19:37:25.529000 1650288 /home/z50063656/Pass/src/pytorch/torch/_inductor/debug.py:587] [0/0] model__14_backward_47 debug trace: /home/z50063656/tmp/t102-training-boundary-installed-20260915/debug/torch_compile_debug/run_2026_09_15_19_36_20_104931-pid_1650288/torchinductor/model__14_backward_47.5
reused-intermediate-negative PASS
/home/z50063656/Pass/src/pytorch/torch/_dynamo/pgo.py:605: UserWarning: dynamo_pgo force disabled by torch.compiler.config.force_disable_caches
  warn_once(
W0915 19:37:44.154000 1650288 /home/z50063656/Pass/src/pytorch/torch/_inductor/debug.py:587] [0/0] model__15_forward_49 debug trace: /home/z50063656/tmp/t102-training-boundary-installed-20260915/debug/torch_compile_debug/run_2026_09_15_19_36_20_104931-pid_1650288/torchinductor/model__15_forward_49.6
W0915 19:37:59.324000 1650288 /home/z50063656/Pass/src/pytorch/torch/_inductor/debug.py:587] [0/0] model__15_backward_51 debug trace: /home/z50063656/tmp/t102-training-boundary-installed-20260915/debug/torch_compile_debug/run_2026_09_15_19_36_20_104931-pid_1650288/torchinductor/model__15_backward_51.7
tensor-scale-negative PASS
/home/z50063656/Pass/src/pytorch/torch/_dynamo/pgo.py:605: UserWarning: dynamo_pgo force disabled by torch.compiler.config.force_disable_caches
  warn_once(
W0915 19:38:22.667000 1650288 /home/z50063656/Pass/src/pytorch/torch/_inductor/debug.py:587] [0/0] model__16_forward_56 debug trace: /home/z50063656/tmp/t102-training-boundary-installed-20260915/debug/torch_compile_debug/run_2026_09_15_19_36_20_104931-pid_1650288/torchinductor/model__16_forward_56.8
W0915 19:38:37.950000 1650288 /home/z50063656/Pass/src/pytorch/torch/_inductor/debug.py:587] [0/0] model__16_backward_58 debug trace: /home/z50063656/tmp/t102-training-boundary-installed-20260915/debug/torch_compile_debug/run_2026_09_15_19_36_20_104931-pid_1650288/torchinductor/model__16_backward_58.9
add-mask-fp32-training PASS
/home/z50063656/Pass/src/pytorch/torch/_dynamo/pgo.py:605: UserWarning: dynamo_pgo force disabled by torch.compiler.config.force_disable_caches
  warn_once(
W0915 19:38:44.652000 1650288 /home/z50063656/Pass/src/pytorch/torch/_inductor/debug.py:587] [0/0] model__18_forward_60 debug trace: /home/z50063656/tmp/t102-training-boundary-installed-20260915/debug/torch_compile_debug/run_2026_09_15_19_36_20_104931-pid_1650288/torchinductor/model__18_forward_60.10
W0915 19:38:59.664000 1650288 /home/z50063656/Pass/src/pytorch/torch/_inductor/debug.py:587] [0/0] model__18_backward_62 debug trace: /home/z50063656/tmp/t102-training-boundary-installed-20260915/debug/torch_compile_debug/run_2026_09_15_19_36_20_104931-pid_1650288/torchinductor/model__18_backward_62.11
scalar-mask-negative PASS
