/home/z50063656/envs/Pass/lib/python3.11/site-packages/torch_npu/dynamo/__init__.py:153: UserWarning: Register eager implementation for the 'npu' backend of dynamo, as torch_npu was not compiled with torchair.
  warnings.warn(
test_sdpa_rewriter_1_gpu (attention_community_npu.main.<locals>.NpuCase.test_sdpa_rewriter_1_gpu) ... [W914 20:34:06.436770750 NPUCachingAllocator.cpp:168] Warning: The current CANN and Soc versions require processing for 32 padding size, with memory allocation. (function operator())
/home/z50063656/Pass/src/pytorch/torch/_dynamo/pgo.py:605: UserWarning: dynamo_pgo force disabled by torch.compiler.config.force_disable_caches
  warn_once(
W0914 20:34:21.371000 1854418 /home/z50063656/Pass/src/pytorch/torch/_inductor/debug.py:587] [0/0] model__0_inference_0 debug trace: /home/z50063656/tmp/t102-native-uxshqymi/adapter/debug/torch_compile_debug/run_2026_09_14_20_34_07_139058-pid_1854418/torchinductor/model__0_inference_0.0
FAIL

======================================================================
FAIL: test_sdpa_rewriter_1_gpu (attention_community_npu.main.<locals>.NpuCase.test_sdpa_rewriter_1_gpu)
----------------------------------------------------------------------
Traceback (most recent call last):
  File "/home/z50063656/Pass/src/pytorch/torch/testing/_internal/common_utils.py", line 3829, in wrapper
    method(*args, **kwargs)
  File "/home/z50063656/Pass/src/pytorch/test/inductor/test_fused_attention.py", line 172, in _test_sdpa_rewriter_1
    self._check_common(dot_prod_attention, dtype=dtype, atol=atol, rtol=rtol)
  File "/home/z50063656/Pass/src/pytorch/test/inductor/test_fused_attention.py", line 131, in _check_common
    self.assertIn(
AssertionError: 'aten._scaled_dot_product' not found in '# AOT ID: [\'0_inference\']\nfrom ctypes import c_void_p, c_long, c_int\nimport torch\nimport math\nimport random\nimport os\nimport tempfile\nfrom math import inf, nan\nfrom cmath import nanj\nfrom torch._inductor.hooks import run_intermediate_hooks\nfrom torch._inductor.utils import maybe_profile\nfrom torch._inductor.codegen.memory_planning import _align as align\nfrom torch import device, empty_strided\nfrom torch._inductor.async_compile import AsyncCompile\nfrom torch._inductor.select_algorithm import extern_kernels\nfrom torch._C._dynamo.guards import copy_if_misaligned\n\naten = torch.ops.aten\ninductor_ops = torch.ops.inductor\n_quantized = torch.ops._quantized\nassert_size_stride = torch._C._dynamo.guards.assert_size_stride\nassert_size_stride_grouped = torch._C._dynamo.guards.assert_size_stride_grouped\nassert_alignment = torch._C._dynamo.guards.assert_alignment\nempty_strided_cpu = torch._C._dynamo.guards._empty_strided_cpu\nempty_strided_cpu_pinned = torch._C._dynamo.guards._empty_strided_cpu_pinned\nempty_strided_cuda = torch._C._dynamo.guards._empty_strided_cuda\nempty_strided_xpu = torch._C._dynamo.guards._empty_strided_xpu\nempty_strided_mtia = torch._C._dynamo.guards._empty_strided_mtia\nreinterpret_tensor = torch._C._dynamo.guards._reinterpret_tensor\nalloc_from_pool = torch.ops.inductor._alloc_from_pool\nasync_compile = AsyncCompile()\nempty_strided_p2p = torch._C._distributed_c10d._SymmetricMemory.empty_strided_p2p\nimport torch_npu\nempty_strided_npu = torch_npu._C._empty_strided_npu\n\n\nasync_compile.wait(globals())\ndel async_compile\n\nclass Runner:\n    def __init__(self, partitions):\n        self.partitions = partitions\n\n    def recursively_apply_fns(self, fns):\n        new_callables = []\n        for fn, c in zip(fns, self.partitions):\n            new_callables.append(fn(c))\n        self.partitions = new_callables\n\n    def call(self, args):\n        arg0_1, arg1_1, arg2_1 = args\n        args.clear()\n        with torch.npu.utils.device(0):\n            torch.npu.set_device(0)\n            arg1_1 = copy_if_misaligned(arg1_1)\n            arg0_1 = copy_if_misaligned(arg0_1)\n            arg2_1 = copy_if_misaligned(arg2_1)\n            # Topologically Sorted Source Nodes: [], Original ATen: [npu.npu_fusion_attention_v3]\n            # [Provenance debug handles] torch.ops.npu.npu_fusion_attention_v3.default:1\n            buf0 = torch.ops.npu.npu_fusion_attention_v3.default(arg1_1, arg0_1, arg2_1, 2, \'BNSD\', None, None, None, 0.17677669529663687, keep_prob=1.0, pre_tockens=2147483647, next_tockens=2147483647, inner_precise=0, prefix=None, actual_seq_qlen=None, actual_seq_kvlen=None, sparse_mode=0, gen_mask_parallel=True, sync=False, softmax_layout=\'\', sink=None)\n            del arg0_1\n            del arg1_1\n            del arg2_1\n            buf1 = buf0[0]\n            assert_alignment(buf1, 16, \'torch.ops.npu.npu_fusion_attention_v3.default\')\n            del buf0\n        return (buf1, )\n\nrunner = Runner(partitions=[])\ncall = runner.call\nrecursively_apply_fns = runner.recursively_apply_fns\n\n\ndef get_args():\n    from torch._dynamo.testing import rand_strided\n    arg0_1 = rand_strided((4, 2, 16, 32), (1024, 512, 32, 1), device=\'npu:0\', dtype=torch.float32)\n    arg1_1 = rand_strided((4, 2, 16, 32), (1024, 512, 32, 1), device=\'npu:0\', dtype=torch.float32)\n    arg2_1 = rand_strided((4, 2, 16, 32), (1024, 512, 32, 1), device=\'npu:0\', dtype=torch.float32)\n    return [arg0_1, arg1_1, arg2_1]\n\n\ndef benchmark_compiled_module(args, times=10, repeat=10):\n    from torch._inductor.utils import print_performance\n    fn = lambda: call(list(args))\n    return print_performance(fn, times=times, repeat=repeat, device=\'npu\')\n\n\nif __name__ == "__main__":\n    from torch._inductor.wrapper_benchmark import compiled_module_main\n    args = get_args()\n    compiled_module_main(\'None\', lambda times, repeat: benchmark_compiled_module(args, times=times, repeat=repeat))\n'

To execute this test, run the following from the base repo dir:
    python attention_community_npu.py NpuCase.test_sdpa_rewriter_1_gpu

This message can be suppressed by setting PYTORCH_PRINT_REPRO_ON_FAILURE=0

----------------------------------------------------------------------
Ran 1 test in 14.506s

FAILED (failures=1)
