/home/z50063656/envs/Pass/lib/python3.11/site-packages/torch_npu/dynamo/__init__.py:153: UserWarning: Register eager implementation for the 'npu' backend of dynamo, as torch_npu was not compiled with torchair.
  warnings.warn(
test_sdpa_rewriter_4_gpu (attention_community_npu.main.<locals>.NpuCase.test_sdpa_rewriter_4_gpu) ... [W915 19:21:34.827853860 NPUCachingAllocator.cpp:168] Warning: The current CANN and Soc versions require processing for 32 padding size, with memory allocation. (function operator())
/home/z50063656/Pass/src/pytorch/torch/_dynamo/pgo.py:605: UserWarning: dynamo_pgo force disabled by torch.compiler.config.force_disable_caches
  warn_once(
W0915 19:21:51.019000 1409992 /home/z50063656/Pass/src/pytorch/torch/_inductor/debug.py:587] [0/0] model___30 debug trace: /home/z50063656/tmp/t102-native-tjn3i22y/adapter/debug/torch_compile_debug/run_2026_09_15_19_21_34_522611-pid_1409992/torchinductor/model___30.0
/home/z50063656/Pass/src/pytorch/torch/_dynamo/pgo.py:605: UserWarning: dynamo_pgo force disabled by torch.compiler.config.force_disable_caches
  warn_once(
W0915 19:21:51.521000 1409992 /home/z50063656/Pass/src/pytorch/torch/_inductor/debug.py:587] [0/0] model__11_forward_35 debug trace: /home/z50063656/tmp/t102-native-tjn3i22y/adapter/debug/torch_compile_debug/run_2026_09_15_19_21_34_522611-pid_1409992/torchinductor/model__11_forward_35.1
W0915 19:21:51.676000 1409992 /home/z50063656/Pass/src/pytorch/torch/_inductor/debug.py:587] [0/0] model__11_backward_37 debug trace: /home/z50063656/tmp/t102-native-tjn3i22y/adapter/debug/torch_compile_debug/run_2026_09_15_19_21_34_522611-pid_1409992/torchinductor/model__11_backward_37.2
/home/z50063656/Pass/src/pytorch/torch/utils/checkpoint.py:242: UserWarning: None of the inputs have requires_grad=True. Gradients will be None
  check_backward_validity(args)
/home/z50063656/Pass/src/pytorch/torch/_dynamo/pgo.py:605: UserWarning: dynamo_pgo force disabled by torch.compiler.config.force_disable_caches
  warn_once(
W0915 19:21:51.955000 1409992 /home/z50063656/Pass/src/pytorch/torch/_inductor/debug.py:587] [0/0] model__13_inference_38 debug trace: /home/z50063656/tmp/t102-native-tjn3i22y/adapter/debug/torch_compile_debug/run_2026_09_15_19_21_34_522611-pid_1409992/torchinductor/model__13_inference_38.3
/home/z50063656/Pass/src/pytorch/torch/_dynamo/pgo.py:605: UserWarning: dynamo_pgo force disabled by torch.compiler.config.force_disable_caches
  warn_once(
W0915 19:21:52.434000 1409992 /home/z50063656/Pass/src/pytorch/torch/_inductor/debug.py:587] [0/0] model__14_forward_43 debug trace: /home/z50063656/tmp/t102-native-tjn3i22y/adapter/debug/torch_compile_debug/run_2026_09_15_19_21_34_522611-pid_1409992/torchinductor/model__14_forward_43.4
W0915 19:21:52.586000 1409992 /home/z50063656/Pass/src/pytorch/torch/_inductor/debug.py:587] [0/0] model__14_backward_45 debug trace: /home/z50063656/tmp/t102-native-tjn3i22y/adapter/debug/torch_compile_debug/run_2026_09_15_19_21_34_522611-pid_1409992/torchinductor/model__14_backward_45.5
ok

----------------------------------------------------------------------
Ran 1 test in 18.307s

OK
